
> frontend@0.0.0 build
> tsc -b && vite build

src/components/features/ProjectCard.tsx(39,7): error TS2322: Type '{ children: (false | "" | Element | undefined)[]; variant: string; padding: string; hoverable: true; onClick: (() => void) | undefined; className: string; }' is not assignable to type 'IntrinsicAttributes & HTMLAttributes<HTMLDivElement> & RefAttributes<HTMLDivElement>'.
  Property 'variant' does not exist on type 'IntrinsicAttributes & HTMLAttributes<HTMLDivElement> & RefAttributes<HTMLDivElement>'.
src/components/features/TaskCard.tsx(52,7): error TS2322: Type '{ children: (false | "" | Element | undefined)[]; variant: string; padding: string; hoverable: true; draggable: true; onDragStart: (e: DragEvent<Element>) => void; onDragEnd: ((e: DragEvent<...>) => void) | undefined; onClick: (() => void) | undefined; className: string; }' is not assignable to type 'IntrinsicAttributes & HTMLAttributes<HTMLDivElement> & RefAttributes<HTMLDivElement>'.
  Property 'variant' does not exist on type 'IntrinsicAttributes & HTMLAttributes<HTMLDivElement> & RefAttributes<HTMLDivElement>'.
src/components/features/TaskCard.tsx(135,17): error TS2322: Type '{ key: string; src: string | undefined; name: string; size: string; className: string; }' is not assignable to type 'IntrinsicAttributes & Omit<AvatarProps & RefAttributes<HTMLSpanElement>, "ref"> & RefAttributes<HTMLSpanElement>'.
  Property 'src' does not exist on type 'IntrinsicAttributes & Omit<AvatarProps & RefAttributes<HTMLSpanElement>, "ref"> & RefAttributes<HTMLSpanElement>'.
src/components/features/TaskDetailModal.tsx(146,17): error TS2322: Type '{ children: Element[]; value: string; onChange: (newStatus: string | string[]) => void; disabled: boolean; }' is not assignable to type 'IntrinsicAttributes & SelectSharedProps & { value?: string | undefined; defaultValue?: string | undefined; onValueChange?(value: string): void; }'.
  Property 'onChange' does not exist on type 'IntrinsicAttributes & SelectSharedProps & { value?: string | undefined; defaultValue?: string | undefined; onValueChange?(value: string): void; }'.
src/components/features/TaskDetailModal.tsx(215,25): error TS2322: Type '{ src: string | undefined; name: string; size: string; }' is not assignable to type 'IntrinsicAttributes & Omit<AvatarProps & RefAttributes<HTMLSpanElement>, "ref"> & RefAttributes<HTMLSpanElement>'.
  Property 'src' does not exist on type 'IntrinsicAttributes & Omit<AvatarProps & RefAttributes<HTMLSpanElement>, "ref"> & RefAttributes<HTMLSpanElement>'.
src/components/features/TaskDetailModal.tsx(310,27): error TS2322: Type '{ src: string | undefined; name: string; size: string; }' is not assignable to type 'IntrinsicAttributes & Omit<AvatarProps & RefAttributes<HTMLSpanElement>, "ref"> & RefAttributes<HTMLSpanElement>'.
  Property 'src' does not exist on type 'IntrinsicAttributes & Omit<AvatarProps & RefAttributes<HTMLSpanElement>, "ref"> & RefAttributes<HTMLSpanElement>'.
src/components/ui/Header.tsx(69,17): error TS2322: Type '{ src: string | undefined; name: string; size: string; status: string; }' is not assignable to type 'IntrinsicAttributes & Omit<AvatarProps & RefAttributes<HTMLSpanElement>, "ref"> & RefAttributes<HTMLSpanElement>'.
  Property 'src' does not exist on type 'IntrinsicAttributes & Omit<AvatarProps & RefAttributes<HTMLSpanElement>, "ref"> & RefAttributes<HTMLSpanElement>'.
src/features/projects/hooks/useProjects.ts(2,15): error TS6196: 'Project' is declared but never used.
src/features/projects/hooks/useProjects.ts(3,10): error TS2305: Module '"../../../services/api/projects"' has no exported member 'projectsAPI'.
src/features/tasks/hooks/useTasks.ts(2,15): error TS6196: 'Task' is declared but never used.
src/hooks/useSprints.ts(3,23): error TS6196: 'SprintTask' is declared but never used.
src/pages/board/BoardPage.tsx(1,20): error TS6133: 'useEffect' is declared but its value is never read.
src/pages/board/BoardPage.tsx(4,25): error TS6133: 'Select' is declared but its value is never read.
src/pages/dashboard/DashboardPage.tsx(124,36): error TS2322: Type '{ children: Element; key: string; variant: string; padding: string; }' is not assignable to type 'IntrinsicAttributes & HTMLAttributes<HTMLDivElement> & RefAttributes<HTMLDivElement>'.
  Property 'variant' does not exist on type 'IntrinsicAttributes & HTMLAttributes<HTMLDivElement> & RefAttributes<HTMLDivElement>'.
src/pages/dashboard/DashboardPage.tsx(148,19): error TS2322: Type '{ children: Element[]; variant: string; padding: string; }' is not assignable to type 'IntrinsicAttributes & HTMLAttributes<HTMLDivElement> & RefAttributes<HTMLDivElement>'.
  Property 'variant' does not exist on type 'IntrinsicAttributes & HTMLAttributes<HTMLDivElement> & RefAttributes<HTMLDivElement>'.
src/pages/dashboard/DashboardPage.tsx(198,19): error TS2322: Type '{ children: Element[]; variant: string; padding: string; }' is not assignable to type 'IntrinsicAttributes & HTMLAttributes<HTMLDivElement> & RefAttributes<HTMLDivElement>'.
  Property 'variant' does not exist on type 'IntrinsicAttributes & HTMLAttributes<HTMLDivElement> & RefAttributes<HTMLDivElement>'.
src/pages/dashboard/DashboardPage.tsx(243,13): error TS2322: Type '{ children: Element; variant: string; padding: string; hoverable: true; className: string; }' is not assignable to type 'IntrinsicAttributes & HTMLAttributes<HTMLDivElement> & RefAttributes<HTMLDivElement>'.
  Property 'variant' does not exist on type 'IntrinsicAttributes & HTMLAttributes<HTMLDivElement> & RefAttributes<HTMLDivElement>'.
src/pages/dashboard/DashboardPage.tsx(260,13): error TS2322: Type '{ children: Element; variant: string; padding: string; hoverable: true; className: string; }' is not assignable to type 'IntrinsicAttributes & HTMLAttributes<HTMLDivElement> & RefAttributes<HTMLDivElement>'.
  Property 'variant' does not exist on type 'IntrinsicAttributes & HTMLAttributes<HTMLDivElement> & RefAttributes<HTMLDivElement>'.
src/pages/dashboard/DashboardPage.tsx(277,13): error TS2322: Type '{ children: Element; variant: string; padding: string; hoverable: true; className: string; }' is not assignable to type 'IntrinsicAttributes & HTMLAttributes<HTMLDivElement> & RefAttributes<HTMLDivElement>'.
  Property 'variant' does not exist on type 'IntrinsicAttributes & HTMLAttributes<HTMLDivElement> & RefAttributes<HTMLDivElement>'.
src/services/api/projects.ts(2,26): error TS6133: 'PaginatedResponse' is declared but its value is never read.
src/services/api/projects.ts(3,1): error TS6192: All imports in import declaration are unused.
src/services/api/tasks-new.ts(1,10): error TS2614: Module '"./base"' has no exported member 'apiClient'. Did you mean to use 'import apiClient from "./base"' instead?
src/services/api/tasks-new.ts(3,34): error TS2305: Module '"../../types/api"' has no exported member 'QueryParams'.
src/services/api/tasks.ts(163,26): error TS2304: Cannot find name 'TaskFilters'.
src/services/api/tasks.ts(163,48): error TS2304: Cannot find name 'FeatureTask'.
src/services/api/tasks.ts(170,42): error TS2304: Cannot find name 'PaginatedResponse'.
src/services/api/tasks.ts(174,38): error TS2304: Cannot find name 'FeatureTask'.
src/services/api/tasks.ts(179,22): error TS2304: Cannot find name 'CreateTaskInput'.
src/services/api/tasks.ts(179,48): error TS2304: Cannot find name 'FeatureTask'.
src/services/api/tasks.ts(184,42): error TS2304: Cannot find name 'UpdateTaskInput'.
src/services/api/tasks.ts(184,69): error TS2304: Cannot find name 'FeatureTask'.
src/services/api/tasks.ts(193,28): error TS2304: Cannot find name 'FeatureTask'.
